// Jest Snapshot v1, https://goo.gl/fbAQLP

exports[`renders without crashing 1`] = `
<div>
  <div
    className="navbar"
  >
    <DarkModeToggle />
  </div>
  <Content />
  <NoteApp
    appName="React Note App"
    placeholder="Add some notes!"
    subHeader="Notes"
    subHeader2="Add Note"
  />
</div>
`;
